0:0:0:0:0:0:0:1 - - [05/Nov/2014:10:57:14 -0500] "GET /ExRateSvc/exRateSvc/name/Ashish HTTP/1.1" 200 14
127.0.0.1 - - [05/Nov/2014:10:58:26 -0500] "GET / HTTP/1.1" 404 983
0:0:0:0:0:0:0:1 - - [05/Nov/2014:10:58:54 -0500] "GET /ExRateSvc/exRateSvc/name/Ashish HTTP/1.1" 200 14
0:0:0:0:0:0:0:1 - - [05/Nov/2014:11:00:18 -0500] "GET /ExRateSvc/exRateSvc/name/Ashish HTTP/1.1" 200 14
0:0:0:0:0:0:0:1 - - [05/Nov/2014:11:00:34 -0500] "GET /ExRateSvc/exRateSvc/name/Ashish HTTP/1.1" 200 14
127.0.0.1 - - [05/Nov/2014:11:01:11 -0500] "GET / HTTP/1.1" 404 983
0:0:0:0:0:0:0:1 - - [05/Nov/2014:11:01:26 -0500] "GET /ExRateSvc/exRateSvc/name/Ashish HTTP/1.1" 200 14
127.0.0.1 - - [05/Nov/2014:11:02:54 -0500] "GET / HTTP/1.1" 404 983
0:0:0:0:0:0:0:1 - - [05/Nov/2014:11:03:19 -0500] "GET /ExRateSvc/exRateSvc/name/Ashish HTTP/1.1" 200 14
127.0.0.1 - - [05/Nov/2014:11:03:37 -0500] "GET / HTTP/1.1" 404 983
0:0:0:0:0:0:0:1 - - [05/Nov/2014:11:03:49 -0500] "GET /ExRateSvc/exRateSvc/name/Ashish HTTP/1.1" 200 14
127.0.0.1 - - [05/Nov/2014:11:06:42 -0500] "GET / HTTP/1.1" 404 983
127.0.0.1 - - [05/Nov/2014:11:18:08 -0500] "GET / HTTP/1.1" 404 983
127.0.0.1 - - [05/Nov/2014:11:21:01 -0500] "GET / HTTP/1.1" 404 983
127.0.0.1 - - [05/Nov/2014:11:21:38 -0500] "GET / HTTP/1.1" 404 983
0:0:0:0:0:0:0:1 - - [05/Nov/2014:11:21:38 -0500] "GET /ExRateSvc/ HTTP/1.1" 404 1003
0:0:0:0:0:0:0:1 - - [05/Nov/2014:11:21:46 -0500] "GET /ExRateSvc/exRateSvc/name/Ashish HTTP/1.1" 404 1045
127.0.0.1 - - [05/Nov/2014:11:23:43 -0500] "GET / HTTP/1.1" 404 983
127.0.0.1 - - [05/Nov/2014:11:24:31 -0500] "GET / HTTP/1.1" 404 983
127.0.0.1 - - [05/Nov/2014:11:25:50 -0500] "GET / HTTP/1.1" 404 983
0:0:0:0:0:0:0:1 - - [05/Nov/2014:11:25:55 -0500] "GET /ExRateSvc/exRateSvc/name/Ashish HTTP/1.1" 404 1045
127.0.0.1 - - [05/Nov/2014:11:27:08 -0500] "GET / HTTP/1.1" 404 983
127.0.0.1 - - [05/Nov/2014:11:28:18 -0500] "GET / HTTP/1.1" 404 983
127.0.0.1 - - [05/Nov/2014:11:30:43 -0500] "GET / HTTP/1.1" 404 983
127.0.0.1 - - [05/Nov/2014:11:31:32 -0500] "GET / HTTP/1.1" 404 983
127.0.0.1 - - [05/Nov/2014:11:35:19 -0500] "GET / HTTP/1.1" 404 983
127.0.0.1 - - [05/Nov/2014:11:36:31 -0500] "GET / HTTP/1.1" 404 983
0:0:0:0:0:0:0:1 - - [05/Nov/2014:11:36:39 -0500] "GET /ExRateSvc/exRateSvc/name/Ashish HTTP/1.1" 404 1045
127.0.0.1 - - [05/Nov/2014:11:37:10 -0500] "GET / HTTP/1.1" 404 983
0:0:0:0:0:0:0:1 - - [05/Nov/2014:11:37:13 -0500] "GET /ExRateSvc/ HTTP/1.1" 404 1003
127.0.0.1 - - [05/Nov/2014:11:38:19 -0500] "GET / HTTP/1.1" 404 983
127.0.0.1 - - [05/Nov/2014:11:39:16 -0500] "GET / HTTP/1.1" 404 983
0:0:0:0:0:0:0:1 - - [05/Nov/2014:11:39:16 -0500] "GET /ExRateSvc/ HTTP/1.1" 404 1003
0:0:0:0:0:0:0:1 - - [05/Nov/2014:11:39:20 -0500] "GET /ExRateSvc/exRateSvc/name/Ashish HTTP/1.1" 404 1045
127.0.0.1 - - [05/Nov/2014:11:41:20 -0500] "GET / HTTP/1.1" 404 983
0:0:0:0:0:0:0:1 - - [05/Nov/2014:11:41:21 -0500] "GET /ExRateSvc/ HTTP/1.1" 404 1003
127.0.0.1 - - [05/Nov/2014:11:43:35 -0500] "GET / HTTP/1.1" 404 983
127.0.0.1 - - [05/Nov/2014:11:43:57 -0500] "GET / HTTP/1.1" 404 983
127.0.0.1 - - [05/Nov/2014:11:46:24 -0500] "GET / HTTP/1.1" 404 983
127.0.0.1 - - [05/Nov/2014:11:51:04 -0500] "GET / HTTP/1.1" 404 983
0:0:0:0:0:0:0:1 - - [05/Nov/2014:11:51:04 -0500] "GET /ExRateSvc/ HTTP/1.1" 404 1003
0:0:0:0:0:0:0:1 - - [05/Nov/2014:11:51:13 -0500] "GET /ExRateSvc/exRateSvc/name/Ashish HTTP/1.1" 404 1045
127.0.0.1 - - [05/Nov/2014:11:52:45 -0500] "GET / HTTP/1.1" 404 983
127.0.0.1 - - [05/Nov/2014:11:53:11 -0500] "GET / HTTP/1.1" 404 983
127.0.0.1 - - [05/Nov/2014:11:53:26 -0500] "GET / HTTP/1.1" 404 983
0:0:0:0:0:0:0:1 - - [05/Nov/2014:11:53:30 -0500] "GET /ExRateSvc/exRateSvc/name/Ashish HTTP/1.1" 200 14
127.0.0.1 - - [05/Nov/2014:11:54:57 -0500] "GET / HTTP/1.1" 404 983
127.0.0.1 - - [05/Nov/2014:11:56:21 -0500] "GET / HTTP/1.1" 404 983
127.0.0.1 - - [05/Nov/2014:11:58:55 -0500] "GET / HTTP/1.1" 404 983
0:0:0:0:0:0:0:1 - - [05/Nov/2014:11:59:00 -0500] "GET /ExRateSvc/exRateSvc/name/Ashish HTTP/1.1" 404 1045
127.0.0.1 - - [05/Nov/2014:11:59:47 -0500] "GET / HTTP/1.1" 404 983
0:0:0:0:0:0:0:1 - - [05/Nov/2014:12:00:17 -0500] "GET /ExRateSvc/exRateSvc/name/Ashish HTTP/1.1" 200 14
0:0:0:0:0:0:0:1 - - [05/Nov/2014:12:00:49 -0500] "GET /ExRateSvc/exRateSvc/name/Ashish HTTP/1.1" 200 14
127.0.0.1 - - [05/Nov/2014:12:01:07 -0500] "GET / HTTP/1.1" 404 983
127.0.0.1 - - [05/Nov/2014:12:01:32 -0500] "GET / HTTP/1.1" 404 983
127.0.0.1 - - [05/Nov/2014:12:02:47 -0500] "GET / HTTP/1.1" 404 983
127.0.0.1 - - [05/Nov/2014:12:36:06 -0500] "GET / HTTP/1.1" 404 983
127.0.0.1 - - [05/Nov/2014:12:38:29 -0500] "GET / HTTP/1.1" 404 983
127.0.0.1 - - [05/Nov/2014:12:41:28 -0500] "GET / HTTP/1.1" 404 983
0:0:0:0:0:0:0:1 - - [05/Nov/2014:12:41:29 -0500] "GET /ExRateSvc/ HTTP/1.1" 404 1003
127.0.0.1 - - [05/Nov/2014:12:41:50 -0500] "GET / HTTP/1.1" 404 983
127.0.0.1 - - [05/Nov/2014:12:42:24 -0500] "GET / HTTP/1.1" 404 983
127.0.0.1 - - [05/Nov/2014:12:43:05 -0500] "GET / HTTP/1.1" 404 983
127.0.0.1 - - [05/Nov/2014:12:47:40 -0500] "GET / HTTP/1.1" 404 983
0:0:0:0:0:0:0:1 - - [05/Nov/2014:12:47:40 -0500] "GET /ExRateSvc/ HTTP/1.1" 404 1003
127.0.0.1 - - [05/Nov/2014:12:48:42 -0500] "GET / HTTP/1.1" 404 983
127.0.0.1 - - [05/Nov/2014:12:49:40 -0500] "GET / HTTP/1.1" 404 983
0:0:0:0:0:0:0:1 - - [05/Nov/2014:12:50:04 -0500] "GET /ExRateSvc/exRateSvc/name/Ashish HTTP/1.1" 404 1045
127.0.0.1 - - [05/Nov/2014:12:53:37 -0500] "GET / HTTP/1.1" 404 983
127.0.0.1 - - [05/Nov/2014:12:55:58 -0500] "GET / HTTP/1.1" 404 983
127.0.0.1 - - [05/Nov/2014:12:56:48 -0500] "GET / HTTP/1.1" 404 983
0:0:0:0:0:0:0:1 - - [05/Nov/2014:12:56:49 -0500] "GET /ExRateSvc/ HTTP/1.1" 404 1003
127.0.0.1 - - [05/Nov/2014:12:57:38 -0500] "GET / HTTP/1.1" 404 983
0:0:0:0:0:0:0:1 - - [05/Nov/2014:12:57:39 -0500] "GET /ExRateSvc/ HTTP/1.1" 404 1003
127.0.0.1 - - [05/Nov/2014:12:58:09 -0500] "GET / HTTP/1.1" 404 983
0:0:0:0:0:0:0:1 - - [05/Nov/2014:12:58:19 -0500] "GET /ExRateSvc/exRateSvc/name/Ashish HTTP/1.1" 200 14
127.0.0.1 - - [05/Nov/2014:13:23:55 -0500] "GET / HTTP/1.1" 404 983
127.0.0.1 - - [05/Nov/2014:13:24:58 -0500] "GET / HTTP/1.1" 404 983
0:0:0:0:0:0:0:1 - - [05/Nov/2014:13:25:03 -0500] "GET /ExRateSvc/exRateSvc/name/Ashish HTTP/1.1" 200 14
0:0:0:0:0:0:0:1 - - [05/Nov/2014:13:25:28 -0500] "GET /ExRateSvc/exRateSvc/name/Ashish HTTP/1.1" 200 14
0:0:0:0:0:0:0:1 - - [05/Nov/2014:13:26:03 -0500] "GET /ExRateSvc/exRateSvc/name/Ashish HTTP/1.1" 200 14
127.0.0.1 - - [05/Nov/2014:13:28:00 -0500] "GET / HTTP/1.1" 404 983
127.0.0.1 - - [05/Nov/2014:13:46:34 -0500] "GET / HTTP/1.1" 404 983
127.0.0.1 - - [05/Nov/2014:13:47:29 -0500] "GET / HTTP/1.1" 404 983
127.0.0.1 - - [05/Nov/2014:13:48:01 -0500] "GET / HTTP/1.1" 404 983
0:0:0:0:0:0:0:1 - - [05/Nov/2014:13:48:01 -0500] "GET /ExRateSvc/ HTTP/1.1" 404 1003
0:0:0:0:0:0:0:1 - - [05/Nov/2014:13:48:13 -0500] "GET /ExRateSvc/exRateSvc/name/Ashish HTTP/1.1" 404 1045
127.0.0.1 - - [05/Nov/2014:13:48:44 -0500] "GET / HTTP/1.1" 404 983
0:0:0:0:0:0:0:1 - - [05/Nov/2014:13:48:48 -0500] "GET /ExRateSvc/exRateSvc/name/Ashish HTTP/1.1" 404 1045
127.0.0.1 - - [05/Nov/2014:13:50:27 -0500] "GET / HTTP/1.1" 404 983
0:0:0:0:0:0:0:1 - - [05/Nov/2014:13:50:28 -0500] "GET /ExRateSvc/ HTTP/1.1" 404 1003
127.0.0.1 - - [05/Nov/2014:13:54:56 -0500] "GET / HTTP/1.1" 404 983
127.0.0.1 - - [05/Nov/2014:13:55:32 -0500] "GET / HTTP/1.1" 404 983
127.0.0.1 - - [05/Nov/2014:14:10:59 -0500] "GET / HTTP/1.1" 404 983
127.0.0.1 - - [05/Nov/2014:14:12:41 -0500] "GET / HTTP/1.1" 404 983
0:0:0:0:0:0:0:1 - - [05/Nov/2014:14:12:42 -0500] "GET /ExRateSvc/ HTTP/1.1" 404 1003
127.0.0.1 - - [05/Nov/2014:14:16:53 -0500] "GET / HTTP/1.1" 404 983
127.0.0.1 - - [05/Nov/2014:14:24:40 -0500] "GET / HTTP/1.1" 404 983
0:0:0:0:0:0:0:1 - - [05/Nov/2014:14:24:46 -0500] "GET /ExRateSvc/exRateSvc/name/Ashish HTTP/1.1" 404 1045
127.0.0.1 - - [05/Nov/2014:14:26:38 -0500] "GET / HTTP/1.1" 404 983
127.0.0.1 - - [05/Nov/2014:14:30:43 -0500] "GET / HTTP/1.1" 404 983
127.0.0.1 - - [05/Nov/2014:14:38:42 -0500] "GET / HTTP/1.1" 404 983
0:0:0:0:0:0:0:1 - - [05/Nov/2014:14:38:53 -0500] "GET /ExRateSvc/exRateSvc/name/Ashish HTTP/1.1" 200 14
127.0.0.1 - - [05/Nov/2014:14:39:20 -0500] "GET / HTTP/1.1" 404 983
0:0:0:0:0:0:0:1 - - [05/Nov/2014:14:39:24 -0500] "GET /ExRateSvc/exRateSvc/name/Ashish HTTP/1.1" 200 14
127.0.0.1 - - [05/Nov/2014:14:39:43 -0500] "GET / HTTP/1.1" 404 983
0:0:0:0:0:0:0:1 - - [05/Nov/2014:14:39:47 -0500] "GET /ExRateSvc/exRateSvc/name/Ashish HTTP/1.1" 200 14
127.0.0.1 - - [05/Nov/2014:14:40:20 -0500] "GET / HTTP/1.1" 404 983
0:0:0:0:0:0:0:1 - - [05/Nov/2014:14:40:28 -0500] "GET /ExRateSvc/exRateSvc/name/Ashish HTTP/1.1" 200 14
127.0.0.1 - - [05/Nov/2014:14:40:57 -0500] "GET / HTTP/1.1" 404 983
0:0:0:0:0:0:0:1 - - [05/Nov/2014:14:41:03 -0500] "GET /ExRateSvc/exRateSvc/name/Ashish HTTP/1.1" 200 14
127.0.0.1 - - [05/Nov/2014:14:42:10 -0500] "GET / HTTP/1.1" 404 983
0:0:0:0:0:0:0:1 - - [05/Nov/2014:14:42:25 -0500] "GET /ExRateSvc/exRateSvc/name/Ashish HTTP/1.1" 200 14
127.0.0.1 - - [05/Nov/2014:14:44:58 -0500] "GET / HTTP/1.1" 404 983
0:0:0:0:0:0:0:1 - - [05/Nov/2014:14:45:15 -0500] "GET /ExRateSvc/exRateSvc/name/Ashish HTTP/1.1" 200 14
127.0.0.1 - - [05/Nov/2014:14:45:42 -0500] "GET / HTTP/1.1" 404 983
0:0:0:0:0:0:0:1 - - [05/Nov/2014:14:45:57 -0500] "GET /ExRateSvc/exRateSvc/name/Ashish HTTP/1.1" 500 18635
127.0.0.1 - - [05/Nov/2014:14:46:58 -0500] "GET / HTTP/1.1" 404 983
0:0:0:0:0:0:0:1 - - [05/Nov/2014:14:47:09 -0500] "GET /ExRateSvc/exRateSvc/name/Ashish HTTP/1.1" 500 18635
127.0.0.1 - - [05/Nov/2014:14:48:56 -0500] "GET / HTTP/1.1" 404 983
0:0:0:0:0:0:0:1 - - [05/Nov/2014:14:49:06 -0500] "GET /ExRateSvc/exRateSvc/name/Ashish HTTP/1.1" 500 18635
127.0.0.1 - - [05/Nov/2014:14:51:11 -0500] "GET / HTTP/1.1" 404 983
0:0:0:0:0:0:0:1 - - [05/Nov/2014:14:51:22 -0500] "GET /ExRateSvc/exRateSvc/name/Ashish HTTP/1.1" 500 18635
127.0.0.1 - - [05/Nov/2014:14:52:01 -0500] "GET / HTTP/1.1" 404 983
0:0:0:0:0:0:0:1 - - [05/Nov/2014:14:52:20 -0500] "GET /ExRateSvc/exRateSvc/name/Ashish HTTP/1.1" 500 18635
127.0.0.1 - - [05/Nov/2014:14:53:24 -0500] "GET / HTTP/1.1" 404 983
0:0:0:0:0:0:0:1 - - [05/Nov/2014:14:53:37 -0500] "GET /ExRateSvc/exRateSvc/name/Ashish HTTP/1.1" 500 18635
127.0.0.1 - - [05/Nov/2014:14:55:24 -0500] "GET / HTTP/1.1" 404 983
127.0.0.1 - - [05/Nov/2014:14:57:43 -0500] "GET / HTTP/1.1" 404 983
0:0:0:0:0:0:0:1 - - [05/Nov/2014:14:57:54 -0500] "GET /ExRateSvc/exRateSvc/name/Ashish HTTP/1.1" 500 18635
127.0.0.1 - - [05/Nov/2014:15:18:01 -0500] "GET / HTTP/1.1" 404 983
0:0:0:0:0:0:0:1 - - [05/Nov/2014:15:18:54 -0500] "GET /ExRateSvc/exRateSvc/name/Ashish HTTP/1.1" 500 18635
127.0.0.1 - - [05/Nov/2014:15:21:24 -0500] "GET / HTTP/1.1" 404 983
0:0:0:0:0:0:0:1 - - [05/Nov/2014:15:21:32 -0500] "GET /ExRateSvc/exRateSvc/name/Ashish HTTP/1.1" 500 18635
127.0.0.1 - - [05/Nov/2014:15:25:30 -0500] "GET / HTTP/1.1" 404 983
0:0:0:0:0:0:0:1 - - [05/Nov/2014:15:26:04 -0500] "GET /ExRateSvc/exRateSvc/name/Ashish HTTP/1.1" 500 18635
127.0.0.1 - - [05/Nov/2014:15:26:36 -0500] "GET / HTTP/1.1" 404 983
0:0:0:0:0:0:0:1 - - [05/Nov/2014:15:26:47 -0500] "GET /ExRateSvc/exRateSvc/name/Ashish HTTP/1.1" 500 18635
127.0.0.1 - - [05/Nov/2014:15:28:51 -0500] "GET / HTTP/1.1" 404 983
127.0.0.1 - - [05/Nov/2014:15:31:04 -0500] "GET / HTTP/1.1" 404 983
0:0:0:0:0:0:0:1 - - [05/Nov/2014:15:31:15 -0500] "GET /ExRateSvc/exRateSvc/name/Ashish HTTP/1.1" 500 18635
127.0.0.1 - - [05/Nov/2014:15:55:04 -0500] "GET / HTTP/1.1" 404 983
127.0.0.1 - - [05/Nov/2014:16:00:14 -0500] "GET / HTTP/1.1" 404 983
127.0.0.1 - - [05/Nov/2014:16:13:21 -0500] "GET / HTTP/1.1" 404 983
0:0:0:0:0:0:0:1 - - [05/Nov/2014:16:13:30 -0500] "GET /ExRateSvc/exRateSvc/name/Ashish HTTP/1.1" 200 14
127.0.0.1 - - [05/Nov/2014:16:15:00 -0500] "GET / HTTP/1.1" 404 983
0:0:0:0:0:0:0:1 - - [05/Nov/2014:16:15:15 -0500] "GET /ExRateSvc/exRateSvc/name/Ashish HTTP/1.1" 500 18635
127.0.0.1 - - [05/Nov/2014:16:15:47 -0500] "GET / HTTP/1.1" 404 983
0:0:0:0:0:0:0:1 - - [05/Nov/2014:16:16:06 -0500] "GET /ExRateSvc/exRateSvc/name/Ashish HTTP/1.1" 500 18635
127.0.0.1 - - [05/Nov/2014:16:16:59 -0500] "GET / HTTP/1.1" 404 983
0:0:0:0:0:0:0:1 - - [05/Nov/2014:16:17:09 -0500] "GET /ExRateSvc/exRateSvc/name/Ashish HTTP/1.1" 500 18635
127.0.0.1 - - [05/Nov/2014:16:18:20 -0500] "GET / HTTP/1.1" 404 983
0:0:0:0:0:0:0:1 - - [05/Nov/2014:16:18:32 -0500] "GET /ExRateSvc/exRateSvc/name/Ashish HTTP/1.1" 500 18635
127.0.0.1 - - [05/Nov/2014:16:19:58 -0500] "GET / HTTP/1.1" 404 983
0:0:0:0:0:0:0:1 - - [05/Nov/2014:16:20:23 -0500] "GET /ExRateSvc/exRateSvc/name/Ashish HTTP/1.1" 500 15628
127.0.0.1 - - [05/Nov/2014:16:22:06 -0500] "GET / HTTP/1.1" 404 983
0:0:0:0:0:0:0:1 - - [05/Nov/2014:16:22:26 -0500] "GET /ExRateSvc/exRateSvc/name/Ashish HTTP/1.1" 200 14
127.0.0.1 - - [05/Nov/2014:16:26:47 -0500] "GET / HTTP/1.1" 404 983
0:0:0:0:0:0:0:1 - - [05/Nov/2014:16:27:04 -0500] "GET /ExRateSvc/exRateSvc/name/Ashish HTTP/1.1" 200 14
127.0.0.1 - - [05/Nov/2014:16:39:36 -0500] "GET / HTTP/1.1" 404 983
0:0:0:0:0:0:0:1 - - [05/Nov/2014:16:39:54 -0500] "GET /ExRateSvc/exRateSvc/name/Ashish HTTP/1.1" 200 14
127.0.0.1 - - [05/Nov/2014:16:44:23 -0500] "GET / HTTP/1.1" 404 983
0:0:0:0:0:0:0:1 - - [05/Nov/2014:16:44:45 -0500] "GET /ExRateSvc/exRateSvc/name/Ashish HTTP/1.1" 200 14
127.0.0.1 - - [05/Nov/2014:16:46:10 -0500] "GET / HTTP/1.1" 404 983
0:0:0:0:0:0:0:1 - - [05/Nov/2014:16:46:45 -0500] "GET /ExRateSvc/exRateSvc/name/Ashish HTTP/1.1" 200 27112
0:0:0:0:0:0:0:1 - - [05/Nov/2014:16:48:01 -0500] "GET /ExRateSvc/exRateSvc/name/Ashish HTTP/1.1" 200 34592
0:0:0:0:0:0:0:1 - - [05/Nov/2014:16:48:40 -0500] "GET /ExRateSvc/exRateSvc/name/Ashish HTTP/1.1" 200 34592
0:0:0:0:0:0:0:1 - - [05/Nov/2014:16:48:43 -0500] "GET /ExRateSvc/exRateSvc/name/Ashish HTTP/1.1" 200 27112
127.0.0.1 - - [05/Nov/2014:17:00:53 -0500] "GET / HTTP/1.1" 404 983
0:0:0:0:0:0:0:1 - - [05/Nov/2014:17:00:57 -0500] "GET /ExRateSvc/exRateSvc/name/Ashish HTTP/1.1" 404 -
0:0:0:0:0:0:0:1 - - [05/Nov/2014:17:01:03 -0500] "GET /ExRateSvc/exRateSvc/name/Ashish/xml HTTP/1.1" 200 34592
0:0:0:0:0:0:0:1 - - [05/Nov/2014:17:01:09 -0500] "GET /ExRateSvc/exRateSvc/name/Ashish/json HTTP/1.1" 200 27112
0:0:0:0:0:0:0:1 - - [05/Nov/2014:17:01:14 -0500] "GET /ExRateSvc/exRateSvc/name/Ashish/xml HTTP/1.1" 200 34592
0:0:0:0:0:0:0:1 - - [05/Nov/2014:17:01:31 -0500] "GET /ExRateSvc/exRateSvc/name/Ashish/xml HTTP/1.1" 200 34592
0:0:0:0:0:0:0:1 - - [05/Nov/2014:17:01:40 -0500] "GET /ExRateSvc/exRateSvc/name/Ashish/json HTTP/1.1" 200 27112
0:0:0:0:0:0:0:1 - - [05/Nov/2014:17:01:48 -0500] "GET /ExRateSvc/exRateSvc/name/Ashish/xml HTTP/1.1" 200 34592
127.0.0.1 - - [05/Nov/2014:17:07:22 -0500] "GET / HTTP/1.1" 404 983
0:0:0:0:0:0:0:1 - - [05/Nov/2014:17:07:25 -0500] "GET /ExRateSvc/exRateSvc/name/Ashish/xml HTTP/1.1" 404 -
0:0:0:0:0:0:0:1 - - [05/Nov/2014:17:07:32 -0500] "GET /ExRateSvc/name/Ashish/xml HTTP/1.1" 200 34592
127.0.0.1 - - [05/Nov/2014:17:08:27 -0500] "GET / HTTP/1.1" 404 983
0:0:0:0:0:0:0:1 - - [05/Nov/2014:17:08:30 -0500] "GET /ExRateSvc/name/Ashish/xml HTTP/1.1" 404 1033
0:0:0:0:0:0:0:1 - - [05/Nov/2014:17:08:36 -0500] "GET /exRateSvc/name/Ashish/xml HTTP/1.1" 200 34592
0:0:0:0:0:0:0:1 - - [05/Nov/2014:18:04:14 -0500] "GET /exRateSvc/name/Ashish/xml HTTP/1.1" 200 34592
0:0:0:0:0:0:0:1 - - [05/Nov/2014:18:10:05 -0500] "GET /exRateSvc/name/Ashish/json HTTP/1.1" 200 27112
0:0:0:0:0:0:0:1 - - [05/Nov/2014:18:10:10 -0500] "GET /exRateSvc/name/Ashish/xml HTTP/1.1" 200 34592
127.0.0.1 - - [05/Nov/2014:18:17:27 -0500] "GET / HTTP/1.1" 404 983
0:0:0:0:0:0:0:1 - - [05/Nov/2014:18:18:00 -0500] "GET /exRateSvc/name/Ashish/20140724/xml HTTP/1.1" 404 -
127.0.0.1 - - [05/Nov/2014:18:20:50 -0500] "GET / HTTP/1.1" 404 983
0:0:0:0:0:0:0:1 - - [05/Nov/2014:18:20:53 -0500] "GET /exRateSvc/name/Ashish/20140724/xml HTTP/1.1" 200 27470
0:0:0:0:0:0:0:1 - - [05/Nov/2014:18:21:37 -0500] "GET /exRateSvc/name/Ashish/20140724/xml HTTP/1.1" 200 27470
0:0:0:0:0:0:0:1 - - [05/Nov/2014:18:21:45 -0500] "GET /exRateSvc/name/Ashish/20140724/xml HTTP/1.1" 200 27470
127.0.0.1 - - [05/Nov/2014:18:23:19 -0500] "GET / HTTP/1.1" 404 983
0:0:0:0:0:0:0:1 - - [05/Nov/2014:18:23:23 -0500] "GET /exRateSvc/name/Ashish/20140724/xml HTTP/1.1" 200 27470
127.0.0.1 - - [05/Nov/2014:18:24:12 -0500] "GET / HTTP/1.1" 404 983
0:0:0:0:0:0:0:1 - - [05/Nov/2014:18:24:16 -0500] "GET /exRateSvc/name/Ashish/20140724/xml HTTP/1.1" 200 27470
0:0:0:0:0:0:0:1 - - [05/Nov/2014:18:24:40 -0500] "GET /exRateSvc/name/Ashish/20140724/xml HTTP/1.1" 200 34381
127.0.0.1 - - [05/Nov/2014:18:32:24 -0500] "GET / HTTP/1.1" 404 983
0:0:0:0:0:0:0:1 - - [05/Nov/2014:18:32:48 -0500] "GET /exRateSvc/name/Ashish/20140724/20140725/jpy/xml HTTP/1.1" 200 59
0:0:0:0:0:0:0:1 - - [05/Nov/2014:18:32:58 -0500] "GET /exRateSvc/name/Ashish/20140724/20140725/JPY/xml HTTP/1.1" 200 2147
0:0:0:0:0:0:0:1 - - [05/Nov/2014:18:34:03 -0500] "GET /exRateSvc/name/Ashish/20140724/20140725/JPY/xml HTTP/1.1" 200 2147
0:0:0:0:0:0:0:1 - - [05/Nov/2014:18:34:08 -0500] "GET /exRateSvc/name/Ashish/20140724/20140725/JPY/xml HTTP/1.1" 200 2147
0:0:0:0:0:0:0:1 - - [05/Nov/2014:18:34:14 -0500] "GET /exRateSvc/name/Ashish/20140724/20140725/jpy/xml HTTP/1.1" 200 2147
0:0:0:0:0:0:0:1 - - [05/Nov/2014:18:34:21 -0500] "GET /exRateSvc/name/Ashish/20140724/20140725/jpy/json HTTP/1.1" 200 1667
0:0:0:0:0:0:0:1 - - [05/Nov/2014:18:34:45 -0500] "GET /exRateSvc/name/Ashish/20140724/20140725/jpy/xml HTTP/1.1" 200 2147
127.0.0.1 - - [05/Nov/2014:18:39:58 -0500] "GET / HTTP/1.1" 404 983
0:0:0:0:0:0:0:1 - - [05/Nov/2014:18:40:08 -0500] "GET /exRateSvc/name/Ashish/20140724/20140725/jpy/usd/xml HTTP/1.1" 200 407
0:0:0:0:0:0:0:1 - - [05/Nov/2014:18:40:27 -0500] "GET /exRateSvc/name/Ashish/20140724/20140725/usd/inr/xml HTTP/1.1" 200 59
0:0:0:0:0:0:0:1 - - [05/Nov/2014:18:40:33 -0500] "GET /exRateSvc/name/Ashish/20140724/20140725/usd/jpy/xml HTTP/1.1" 200 399
0:0:0:0:0:0:0:1 - - [05/Nov/2014:18:40:50 -0500] "GET /exRateSvc/name/Ashish/20140724/20140725/usd/jpy/json HTTP/1.1" 200 289
0:0:0:0:0:0:0:1 - - [05/Nov/2014:18:40:55 -0500] "GET /exRateSvc/name/Ashish/20140724/20140725/usd/jpy/xml HTTP/1.1" 200 399
0:0:0:0:0:0:0:1 - - [05/Nov/2014:18:41:05 -0500] "GET /exRateSvc/name/Ashish/20140724/20140729/usd/jpy/xml HTTP/1.1" 200 1046
0:0:0:0:0:0:0:1 - - [05/Nov/2014:18:41:44 -0500] "GET /exRateSvc/name/Ashish/20140724/20140729/usd/xml HTTP/1.1" 404 -
0:0:0:0:0:0:0:1 - - [05/Nov/2014:18:43:47 -0500] "GET /exRateSvc/name/Ashish/20140724/20140729/usd/xml HTTP/1.1" 404 -
0:0:0:0:0:0:0:1 - - [05/Nov/2014:18:43:57 -0500] "GET /exRateSvc/name/Ashish/20140724/20140729/usd/xml HTTP/1.1" 404 -
0:0:0:0:0:0:0:1 - - [05/Nov/2014:18:49:06 -0500] "GET /exRateSvc/name/Ashish/20140724/20140729/usd/xml HTTP/1.1" 404 -
0:0:0:0:0:0:0:1 - - [05/Nov/2014:18:52:50 -0500] "GET /exRateSvc/name/Ashish/20140724/20140729/usd/xml HTTP/1.1" 404 -
0:0:0:0:0:0:0:1 - - [05/Nov/2014:18:54:50 -0500] "GET /exRateSvc/name/Ashish/20140724/20140729/usd/xml HTTP/1.1" 404 -
127.0.0.1 - - [05/Nov/2014:18:55:24 -0500] "GET / HTTP/1.1" 404 983
0:0:0:0:0:0:0:1 - - [05/Nov/2014:18:55:28 -0500] "GET /exRateSvc/name/Ashish/20140724/20140729/usd/xml HTTP/1.1" 404 -
0:0:0:0:0:0:0:1 - - [05/Nov/2014:18:57:14 -0500] "GET /exRateSvc/name/Ashish/20140724/20140729/usd/xml HTTP/1.1" 500 7362
0:0:0:0:0:0:0:1 - - [05/Nov/2014:18:57:51 -0500] "GET /exRateSvc/name/Ashish/20140724/20140729/usd/xml HTTP/1.1" 500 7362
0:0:0:0:0:0:0:1 - - [05/Nov/2014:19:01:12 -0500] "GET /exRateSvc/name/Ashish/20140724/20140729/usd/xml HTTP/1.1" 500 2239
0:0:0:0:0:0:0:1 - - [05/Nov/2014:19:02:24 -0500] "GET /exRateSvc/name/Ashish/20140724/20140729/usd/xml HTTP/1.1" 500 7362
0:0:0:0:0:0:0:1 - - [05/Nov/2014:19:03:05 -0500] "GET /exRateSvc/name/Ashish/20140724/20140729/usd/xml HTTP/1.1" 200 6124
0:0:0:0:0:0:0:1 - - [05/Nov/2014:19:04:24 -0500] "GET /exRateSvc/name/Ashish/20140724/20140729/jpy/xml HTTP/1.1" 200 6226
0:0:0:0:0:0:0:1 - - [05/Nov/2014:19:06:18 -0500] "GET /exRateSvc/name/Ashish/20140724/20140729/jpy/xml HTTP/1.1" 200 6214
0:0:0:0:0:0:0:1 - - [05/Nov/2014:19:06:24 -0500] "GET /exRateSvc/name/Ashish/20140724/20140729/jpy/xml HTTP/1.1" 200 6214
0:0:0:0:0:0:0:1 - - [05/Nov/2014:19:07:09 -0500] "GET /exRateSvc/name/Ashish/20140724/20140729/jpy/aud/xml HTTP/1.1" 404 -
0:0:0:0:0:0:0:1 - - [05/Nov/2014:19:07:15 -0500] "GET /exRateSvc/name/Ashish/20140724/20140729/jpy/xml HTTP/1.1" 200 6214
0:0:0:0:0:0:0:1 - - [05/Nov/2014:19:07:36 -0500] "GET /exRateSvc/name/Ashish/20140724/20140729/jpy/aud/xml HTTP/1.1" 404 -
0:0:0:0:0:0:0:1 - - [05/Nov/2014:19:07:56 -0500] "GET /exRateSvc/name/Ashish/20140724/20140729/jpy/usd/xml HTTP/1.1" 404 -
0:0:0:0:0:0:0:1 - - [05/Nov/2014:19:07:59 -0500] "GET /exRateSvc/name/Ashish/20140724/20140729/jpy/usd/xml HTTP/1.1" 404 -
0:0:0:0:0:0:0:1 - - [05/Nov/2014:19:08:05 -0500] "GET /exRateSvc/name/Ashish/20140724/20140729/jpy/xml HTTP/1.1" 200 6214
0:0:0:0:0:0:0:1 - - [05/Nov/2014:19:08:16 -0500] "GET /exRateSvc/name/Ashish/20140724/20140729/jpy/eur/xml HTTP/1.1" 404 -
0:0:0:0:0:0:0:1 - - [05/Nov/2014:19:08:51 -0500] "GET /exRateSvc/name/Ashish/20140724/20140729/jpy/eur/xml HTTP/1.1" 404 -
0:0:0:0:0:0:0:1 - - [05/Nov/2014:19:09:31 -0500] "GET /exRateSvc/name/Ashish/20140724/20140729/jpy/eur/xml HTTP/1.1" 404 -
0:0:0:0:0:0:0:1 - - [05/Nov/2014:19:09:36 -0500] "GET /exRateSvc/name/Ashish/20140724/20140729/jpy/eur/xml HTTP/1.1" 404 -
0:0:0:0:0:0:0:1 - - [05/Nov/2014:19:11:39 -0500] "GET /exRateSvc/name/Ashish/20140724/20140729/jpy/xml HTTP/1.1" 200 6214
0:0:0:0:0:0:0:1 - - [05/Nov/2014:19:11:53 -0500] "GET /exRateSvc/name/Ashish/20140724/20140729/jpy/audxml HTTP/1.1" 404 -
0:0:0:0:0:0:0:1 - - [05/Nov/2014:19:12:11 -0500] "GET /exRateSvc/name/Ashish/20140724/20140729/jpy/aud/xml HTTP/1.1" 404 -
0:0:0:0:0:0:0:1 - - [05/Nov/2014:19:15:34 -0500] "GET /exRateSvc/name/Ashish/20140724/20140729/jpy/aud/xml HTTP/1.1" 404 -
0:0:0:0:0:0:0:1 - - [05/Nov/2014:19:17:26 -0500] "GET /exRateSvc/name/Ashish/20140724/20140729/jpy/*/xml HTTP/1.1" 404 -
0:0:0:0:0:0:0:1 - - [05/Nov/2014:19:18:18 -0500] "GET /exRateSvc/name/Ashish/20140724/20140729/jpy/*/xml HTTP/1.1" 200 59
0:0:0:0:0:0:0:1 - - [05/Nov/2014:19:18:42 -0500] "GET /exRateSvc/name/Ashish/20140724/20140729/jpy/*/xml HTTP/1.1" 200 6214
0:0:0:0:0:0:0:1 - - [05/Nov/2014:19:19:01 -0500] "GET /exRateSvc/name/Ashish/20140724/20140729/jpy/*/json HTTP/1.1" 404 -
0:0:0:0:0:0:0:1 - - [05/Nov/2014:19:19:33 -0500] "GET /exRateSvc/name/Ashish/20140724/20140729/jpy/*/json HTTP/1.1" 200 4795
0:0:0:0:0:0:0:1 - - [05/Nov/2014:19:19:39 -0500] "GET /exRateSvc/name/Ashish/20140724/20140729/jpy/*/xml HTTP/1.1" 200 6214
127.0.0.1 - - [05/Nov/2014:19:38:25 -0500] "GET / HTTP/1.1" 404 983
0:0:0:0:0:0:0:1 - - [05/Nov/2014:19:38:37 -0500] "GET /exRateSvc/name/Ashish/20140724/20140729/jpy/eur/xml HTTP/1.1" 200 59
0:0:0:0:0:0:0:1 - - [05/Nov/2014:19:39:02 -0500] "GET /exRateSvc/name/Ashish/20140724/20140729/JPY/EUR/xml HTTP/1.1" 200 2545032
0:0:0:0:0:0:0:1 - - [05/Nov/2014:19:42:05 -0500] "GET /exRateSvc/name/Ashish/20140724/20140729/JPY/EUR/xml HTTP/1.1" 200 1066
0:0:0:0:0:0:0:1 - - [05/Nov/2014:19:45:16 -0500] "GET /exRateSvc/name/Ashish/20140724/20140729/jpy/EUR/xml HTTP/1.1" 200 59
0:0:0:0:0:0:0:1 - - [05/Nov/2014:19:45:48 -0500] "GET /exRateSvc/name/Ashish/20140724/20140729/jpy/EUR/xml HTTP/1.1" 200 1066
127.0.0.1 - - [05/Nov/2014:19:53:06 -0500] "GET / HTTP/1.1" 404 983
0:0:0:0:0:0:0:1 - - [05/Nov/2014:19:53:19 -0500] "GET /exRateSvc/name/Ashish/20140724/20140729/jpy/EUR/xml HTTP/1.1" 200 2545032
0:0:0:0:0:0:0:1 - - [05/Nov/2014:19:56:02 -0500] "GET /exRateSvc/name/Ashish/20140724/20140729/jpy/EUR/xml HTTP/1.1" 200 2545032
0:0:0:0:0:0:0:1 - - [05/Nov/2014:20:10:56 -0500] "GET /exRateSvc/name/Ashish/20140724/20140729/jpy/EUR/xml HTTP/1.1" 200 1066
0:0:0:0:0:0:0:1 - - [05/Nov/2014:20:11:04 -0500] "GET /exRateSvc/name/Ashish/20140724/20140727/jpy/EUR/xml HTTP/1.1" 200 755
0:0:0:0:0:0:0:1 - - [05/Nov/2014:20:11:11 -0500] "GET /exRateSvc/name/Ashish/20140724/20140727/jpy/*/xml HTTP/1.1" 200 4235
0:0:0:0:0:0:0:1 - - [05/Nov/2014:20:11:19 -0500] "GET /exRateSvc/name/Ashish/20140724/20140727/jpy/*/json HTTP/1.1" 200 3311
0:0:0:0:0:0:0:1 - - [05/Nov/2014:20:11:22 -0500] "GET /exRateSvc/name/Ashish/20140724/20140727/jpy/*/xml HTTP/1.1" 200 4235
0:0:0:0:0:0:0:1 - - [05/Nov/2014:20:12:42 -0500] "GET /exRateSvc/name/Ashish/20140724/20140727/jpy/*/xml HTTP/1.1" 200 4235
0:0:0:0:0:0:0:1 - - [05/Nov/2014:20:12:54 -0500] "GET /exRateSvc/name/Ashish/20140724/20140727/*/*/xml HTTP/1.1" 200 955971
0:0:0:0:0:0:0:1 - - [05/Nov/2014:20:13:51 -0500] "GET /exRateSvc/name/Ashish/20140724/20140724/*/*/xml HTTP/1.1" 200 239106
0:0:0:0:0:0:0:1 - - [05/Nov/2014:20:14:32 -0500] "GET /exRateSvc/name/Ashish/20140724/20140724/usd/*/xml HTTP/1.1" 200 1073
0:0:0:0:0:0:0:1 - - [05/Nov/2014:20:14:41 -0500] "GET /exRateSvc/name/Ashish/20140724/20140724/aud/*/xml HTTP/1.1" 200 1091
0:0:0:0:0:0:0:1 - - [05/Nov/2014:20:14:48 -0500] "GET /exRateSvc/name/Ashish/20140724/20140724/jpy/*/xml HTTP/1.1" 200 1103
0:0:0:0:0:0:0:1 - - [05/Nov/2014:20:16:04 -0500] "GET /exRateSvc/name/Ashish/20140724/20140729/jpy/*/xml HTTP/1.1" 200 6226
0:0:0:0:0:0:0:1 - - [05/Nov/2014:20:18:33 -0500] "GET /exRateSvc/name/Ashish/20140724/20140729/jpy/*/xml HTTP/1.1" 200 6226
0:0:0:0:0:0:0:1 - - [05/Nov/2014:20:18:40 -0500] "GET /exRateSvc/name/Ashish/20140724/20140729/jpy/*/xml HTTP/1.1" 200 6226
0:0:0:0:0:0:0:1 - - [05/Nov/2014:20:18:40 -0500] "GET /favicon.ico HTTP/1.1" 404 1005
127.0.0.1 - - [05/Nov/2014:20:38:39 -0500] "GET / HTTP/1.1" 404 983
0:0:0:0:0:0:0:1 - - [05/Nov/2014:20:38:58 -0500] "-" 400 -
0:0:0:0:0:0:0:1 - - [05/Nov/2014:20:38:58 -0500] "-" 400 -
0:0:0:0:0:0:0:1 - - [05/Nov/2014:20:38:58 -0500] "-" 400 -
0:0:0:0:0:0:0:1 - - [05/Nov/2014:20:38:58 -0500] " ¬  ¨ÌÔ ?D?VN " 400 -
0:0:0:0:0:0:0:1 - - [05/Nov/2014:20:38:58 -0500] "-" 400 -
0:0:0:0:0:0:0:1 - - [05/Nov/2014:20:39:08 -0500] "-" 400 -
0:0:0:0:0:0:0:1 - - [05/Nov/2014:20:39:08 -0500] "-" 400 -
0:0:0:0:0:0:0:1 - - [05/Nov/2014:20:39:08 -0500] " ¬  ¨ p¤?º¸!)U?³Ôâ?yÎÖsN.cõ?ù5  V À " 400 -
0:0:0:0:0:0:0:1 - - [05/Nov/2014:20:39:08 -0500] "-" 400 -
0:0:0:0:0:0:0:1 - - [05/Nov/2014:20:39:08 -0500] "-" 400 -
0:0:0:0:0:0:0:1 - - [05/Nov/2014:20:39:32 -0500] "-" 400 -
0:0:0:0:0:0:0:1 - - [05/Nov/2014:20:39:32 -0500] "-" 400 -
0:0:0:0:0:0:0:1 - - [05/Nov/2014:20:39:32 -0500] "-" 400 -
0:0:0:0:0:0:0:1 - - [05/Nov/2014:20:39:32 -0500] "-" 400 -
0:0:0:0:0:0:0:1 - - [05/Nov/2014:20:39:32 -0500] "-" 400 -
0:0:0:0:0:0:0:1 - - [05/Nov/2014:20:40:09 -0500] "-" 400 -
0:0:0:0:0:0:0:1 - - [05/Nov/2014:20:40:09 -0500] "-" 400 -
0:0:0:0:0:0:0:1 - - [05/Nov/2014:20:40:09 -0500] "-" 400 -
0:0:0:0:0:0:0:1 - - [05/Nov/2014:20:40:09 -0500] "-" 400 -
0:0:0:0:0:0:0:1 - - [05/Nov/2014:20:40:09 -0500] "-" 400 -
127.0.0.1 - - [05/Nov/2014:20:41:37 -0500] "GET / HTTP/1.1" 302 -
0:0:0:0:0:0:0:1 - - [05/Nov/2014:20:41:42 -0500] "-" 400 -
0:0:0:0:0:0:0:1 - - [05/Nov/2014:20:41:42 -0500] "-" 400 -
0:0:0:0:0:0:0:1 - - [05/Nov/2014:20:41:42 -0500] "-" 400 -
0:0:0:0:0:0:0:1 - - [05/Nov/2014:20:41:42 -0500] "-" 400 -
0:0:0:0:0:0:0:1 - - [05/Nov/2014:20:41:42 -0500] "-" 400 -
0:0:0:0:0:0:0:1 - - [05/Nov/2014:20:42:02 -0500] "-" 400 -
0:0:0:0:0:0:0:1 - - [05/Nov/2014:20:42:02 -0500] "-" 400 -
0:0:0:0:0:0:0:1 - - [05/Nov/2014:20:42:02 -0500] "-" 400 -
0:0:0:0:0:0:0:1 - - [05/Nov/2014:20:42:02 -0500] "-" 400 -
0:0:0:0:0:0:0:1 - - [05/Nov/2014:20:42:02 -0500] "  ?  ; ?(Yv #??´oÕûþqÝb " 400 -
0:0:0:0:0:0:0:1 - - [05/Nov/2014:20:42:06 -0500] "-" 400 -
0:0:0:0:0:0:0:1 - - [05/Nov/2014:20:42:06 -0500] " Ì  Èè ö?äd'±É+bX¶ÙRÅü°k¥J?áXî?Ü1#ä  (ÌÌÀ+À/ ?À " 400 -
0:0:0:0:0:0:0:1 - - [05/Nov/2014:20:42:06 -0500] "-" 400 -
0:0:0:0:0:0:0:1 - - [05/Nov/2014:20:42:06 -0500] "-" 400 -
0:0:0:0:0:0:0:1 - - [05/Nov/2014:20:43:05 -0500] "GET /exRateSvc/name/Ashish/20140724/20140729/jpy/*/xml HTTP/1.1" 302 -
0:0:0:0:0:0:0:1 - - [05/Nov/2014:20:43:05 -0500] "-" 400 -
0:0:0:0:0:0:0:1 - - [05/Nov/2014:20:43:05 -0500] " Ì  È?Êß»¯1@xê?ÞX?Âò¥|Þ?Mzô@T ,WÔ  (ÌÌÀ+À/ ?À " 400 -
0:0:0:0:0:0:0:1 - - [05/Nov/2014:20:43:05 -0500] " ¬  ¨Z?ëû?Å?ÿïH??½ÙÒ? ?;?Åa²?ÓzøjÎ  V À " 400 -
0:0:0:0:0:0:0:1 - - [05/Nov/2014:20:43:05 -0500] " ¬  ¨?Y0ï&Ø9Xz$¨É¯ªî½²?HaEZR}x¨?ïÜ   V À " 400 -
0:0:0:0:0:0:0:1 - - [05/Nov/2014:20:43:05 -0500] "-" 400 -
0:0:0:0:0:0:0:1 - - [05/Nov/2014:20:43:05 -0500] "-" 400 -
0:0:0:0:0:0:0:1 - - [05/Nov/2014:20:43:05 -0500] "-" 400 -
0:0:0:0:0:0:0:1 - - [05/Nov/2014:20:43:05 -0500] "-" 400 -
0:0:0:0:0:0:0:1 - - [05/Nov/2014:20:43:05 -0500] "-" 400 -
0:0:0:0:0:0:0:1 - - [05/Nov/2014:20:43:10 -0500] " Ì  ÈHé?? Lá?c·?ßD]LÂ?6üÍE?5lN(p  (ÌÌÀ+À/ ?À " 400 -
0:0:0:0:0:0:0:1 - - [05/Nov/2014:20:43:10 -0500] "-" 400 -
0:0:0:0:0:0:0:1 - - [05/Nov/2014:20:43:10 -0500] " ¬  ¨?Ö£ç´R¼Ï)~Ï?ê?sÈ? ?Ã¿Ù?E¢þ¯  V À " 400 -
0:0:0:0:0:0:0:1 - - [05/Nov/2014:20:43:10 -0500] "-" 400 -
0:0:0:0:0:0:0:1 - - [05/Nov/2014:20:43:11 -0500] "-" 400 -
0:0:0:0:0:0:0:1 - - [05/Nov/2014:20:43:11 -0500] "-" 400 -
0:0:0:0:0:0:0:1 - - [05/Nov/2014:20:43:11 -0500] "-" 400 -
0:0:0:0:0:0:0:1 - - [05/Nov/2014:20:43:11 -0500] " ¬  ¨?=1cË ³ùê?þª?(?»cÀ¯á<Õ'Þ  V À " 400 -
0:0:0:0:0:0:0:1 - - [05/Nov/2014:20:43:11 -0500] "-" 400 -
0:0:0:0:0:0:0:1 - - [05/Nov/2014:20:43:24 -0500] "GET /exRateSvc/name/Ashish/20140724/20140729/jpy/*/xml HTTP/1.1" 302 -
0:0:0:0:0:0:0:1 - - [05/Nov/2014:20:43:24 -0500] "-" 400 -
0:0:0:0:0:0:0:1 - - [05/Nov/2014:20:43:24 -0500] "-" 400 -
0:0:0:0:0:0:0:1 - - [05/Nov/2014:20:43:24 -0500] "-" 400 -
0:0:0:0:0:0:0:1 - - [05/Nov/2014:20:43:24 -0500] "-" 400 -
0:0:0:0:0:0:0:1 - - [05/Nov/2014:20:43:24 -0500] "-" 400 -
0:0:0:0:0:0:0:1 - - [05/Nov/2014:20:43:54 -0500] "-" 400 -
0:0:0:0:0:0:0:1 - - [05/Nov/2014:20:43:54 -0500] "-" 400 -
0:0:0:0:0:0:0:1 - - [05/Nov/2014:20:43:54 -0500] " ¬  ¨½/á)õi]ÅË?uÊ¢?dê?!?ôú?h K-?  V À " 400 -
0:0:0:0:0:0:0:1 - - [05/Nov/2014:20:43:54 -0500] "-" 400 -
0:0:0:0:0:0:0:1 - - [05/Nov/2014:20:43:59 -0500] "GET /exRateSvc/name/Ashish/20140724/20140729/jpy/*/xml HTTP/1.1" 302 -
0:0:0:0:0:0:0:1 - - [05/Nov/2014:20:43:59 -0500] "-" 400 -
0:0:0:0:0:0:0:1 - - [05/Nov/2014:20:43:59 -0500] "-" 400 -
0:0:0:0:0:0:0:1 - - [05/Nov/2014:20:43:59 -0500] "  5  1 TZÒ_#fÛÝM Yý?[?ìK­Ê[¯ " 400 -
0:0:0:0:0:0:0:1 - - [05/Nov/2014:20:44:18 -0500] "-" 400 -
0:0:0:0:0:0:0:1 - - [05/Nov/2014:20:44:18 -0500] "-" 400 -
0:0:0:0:0:0:0:1 - - [05/Nov/2014:20:44:18 -0500] "-" 400 -
0:0:0:0:0:0:0:1 - - [05/Nov/2014:20:44:36 -0500] "-" 400 -
0:0:0:0:0:0:0:1 - - [05/Nov/2014:20:44:36 -0500] "-" 400 -
0:0:0:0:0:0:0:1 - - [05/Nov/2014:20:44:36 -0500] "-" 400 -
0:0:0:0:0:0:0:1 - - [05/Nov/2014:20:44:36 -0500] "-" 400 -
0:0:0:0:0:0:0:1 - - [05/Nov/2014:20:45:13 -0500] "GET /exRateSvc/name/Ashish/20140724/20140729/jpy/*/xml HTTP/1.1" 200 6226
0:0:0:0:0:0:0:1 - - [05/Nov/2014:20:45:13 -0500] "GET /favicon.ico HTTP/1.1" 404 1005
0:0:0:0:0:0:0:1 - - [05/Nov/2014:20:45:18 -0500] "GET /exRateSvc/name/Ashish/20140724/20140729/jpy/*/xml HTTP/1.1" 200 6226
0:0:0:0:0:0:0:1 - - [05/Nov/2014:20:45:28 -0500] "GET /exRateSvc/name/Ashish/20140724/20140729/jpy/*/xml HTTP/1.1" 200 6226
0:0:0:0:0:0:0:1 - - [05/Nov/2014:20:45:29 -0500] "GET /favicon.ico HTTP/1.1" 404 1005
0:0:0:0:0:0:0:1 - - [05/Nov/2014:20:45:37 -0500] "-" 400 -
0:0:0:0:0:0:0:1 - - [05/Nov/2014:20:45:37 -0500] "-" 400 -
0:0:0:0:0:0:0:1 - - [05/Nov/2014:20:45:37 -0500] "-" 400 -
0:0:0:0:0:0:0:1 - - [05/Nov/2014:20:45:47 -0500] "GET /exRateSvc/name/Ashish/20140724/20140729/jpy/*/xml HTTP/1.1" 200 6226
0:0:0:0:0:0:0:1 - - [05/Nov/2014:20:45:47 -0500] "GET /favicon.ico HTTP/1.1" 404 1005
127.0.0.1 - - [05/Nov/2014:20:46:46 -0500] "GET / HTTP/1.1" 302 -
0:0:0:0:0:0:0:1 - - [05/Nov/2014:20:46:50 -0500] "GET /exRateSvc/name/Ashish/20140724/20140729/jpy/*/xml HTTP/1.1" 200 6226
0:0:0:0:0:0:0:1 - - [05/Nov/2014:20:46:53 -0500] "GET /exRateSvc/name/Ashish/20140724/20140729/jpy/*/xml HTTP/1.1" 200 6226
0:0:0:0:0:0:0:1 - - [05/Nov/2014:20:46:55 -0500] "GET /exRateSvc/name/Ashish/20140724/20140729/jpy/*/xml HTTP/1.1" 200 6226
0:0:0:0:0:0:0:1 - - [05/Nov/2014:20:46:57 -0500] "GET /exRateSvc/name/Ashish/20140724/20140729/jpy/*/xml HTTP/1.1" 200 6226
127.0.0.1 - - [05/Nov/2014:20:47:29 -0500] "GET / HTTP/1.1" 302 -
0:0:0:0:0:0:0:1 - - [05/Nov/2014:20:47:37 -0500] "GET /exRateSvc/name/Ashish/20140724/20140729/jpy/*/xml HTTP/1.1" 302 -
0:0:0:0:0:0:0:1 - - [05/Nov/2014:20:47:37 -0500] "-" 400 -
0:0:0:0:0:0:0:1 - - [05/Nov/2014:20:47:37 -0500] "-" 400 -
0:0:0:0:0:0:0:1 - - [05/Nov/2014:20:47:37 -0500] "-" 400 -
0:0:0:0:0:0:0:1 - - [05/Nov/2014:20:47:37 -0500] "-" 400 -
0:0:0:0:0:0:0:1 - - [05/Nov/2014:20:47:37 -0500] "-" 400 -
0:0:0:0:0:0:0:1 - - [05/Nov/2014:20:47:37 -0500] "-" 400 -
0:0:0:0:0:0:0:1 - - [05/Nov/2014:20:47:37 -0500] "-" 400 -
0:0:0:0:0:0:0:1 - - [05/Nov/2014:20:47:37 -0500] "-" 400 -
0:0:0:0:0:0:0:1 - - [05/Nov/2014:20:47:37 -0500] "-" 400 -
0:0:0:0:0:0:0:1 - - [05/Nov/2014:20:47:42 -0500] "-" 400 -
0:0:0:0:0:0:0:1 - - [05/Nov/2014:20:47:42 -0500] "-" 400 -
0:0:0:0:0:0:0:1 - - [05/Nov/2014:20:47:42 -0500] "-" 400 -
0:0:0:0:0:0:0:1 - - [05/Nov/2014:20:47:45 -0500] "GET /exRateSvc/name/Ashish/20140724/20140729/jpy/*/xml HTTP/1.1" 200 6226
0:0:0:0:0:0:0:1 - - [05/Nov/2014:20:47:48 -0500] "GET /exRateSvc/name/Ashish/20140724/20140729/jpy/*/xml HTTP/1.1" 200 6226
0:0:0:0:0:0:0:1 - - [05/Nov/2014:20:47:54 -0500] "GET /exRateSvc/name/Ashish/20140724/20140729/jpy/*/xml HTTP/1.1" 302 -
0:0:0:0:0:0:0:1 - - [05/Nov/2014:20:47:54 -0500] "-" 400 -
0:0:0:0:0:0:0:1 - - [05/Nov/2014:20:47:54 -0500] "-" 400 -
0:0:0:0:0:0:0:1 - - [05/Nov/2014:20:47:54 -0500] " ¬  ¨ûoÿ?N¥?¸¢&úNG_¯`y«?a?"Å ýï??¼Mg  V À " 400 -
0:0:0:0:0:0:0:1 - - [05/Nov/2014:20:47:54 -0500] "-" 400 -
0:0:0:0:0:0:0:1 - - [05/Nov/2014:20:47:54 -0500] "-" 400 -
0:0:0:0:0:0:0:1 - - [05/Nov/2014:20:47:54 -0500] "-" 400 -
0:0:0:0:0:0:0:1 - - [05/Nov/2014:20:47:54 -0500] "-" 400 -
0:0:0:0:0:0:0:1 - - [05/Nov/2014:20:47:54 -0500] "-" 400 -
0:0:0:0:0:0:0:1 - - [05/Nov/2014:20:47:54 -0500] "-" 400 -
0:0:0:0:0:0:0:1 - - [05/Nov/2014:20:47:59 -0500] "-" 400 -
0:0:0:0:0:0:0:1 - - [05/Nov/2014:20:47:59 -0500] "-" 400 -
0:0:0:0:0:0:0:1 - - [05/Nov/2014:20:47:59 -0500] "-" 400 -
0:0:0:0:0:0:0:1 - - [05/Nov/2014:20:47:59 -0500] "-" 400 -
0:0:0:0:0:0:0:1 - - [05/Nov/2014:20:48:01 -0500] "GET /exRateSvc/name/Ashish/20140724/20140729/jpy/*/xml HTTP/1.1" 200 6226
0:0:0:0:0:0:0:1 - - [05/Nov/2014:20:48:11 -0500] "-" 400 -
0:0:0:0:0:0:0:1 - - [05/Nov/2014:20:48:11 -0500] "-" 400 -
0:0:0:0:0:0:0:1 - - [05/Nov/2014:20:48:11 -0500] "-" 400 -
0:0:0:0:0:0:0:1 - - [05/Nov/2014:20:48:15 -0500] "GET /exRateSvc/name/Ashish/20140724/20140729/jpy/*/xml HTTP/1.1" 200 6226
0:0:0:0:0:0:0:1 - - [05/Nov/2014:20:48:25 -0500] "GET /exRateSvc/name/Ashish/20140724/20140729/jpy/*/xml HTTP/1.1" 302 -
0:0:0:0:0:0:0:1 - - [05/Nov/2014:20:48:25 -0500] "-" 400 -
0:0:0:0:0:0:0:1 - - [05/Nov/2014:20:48:25 -0500] " u  qTZÓi?¹5X(@ ¼$Er4vC¢]ðKAë5KØ"    / 5   " 400 -
0:0:0:0:0:0:0:1 - - [05/Nov/2014:20:48:25 -0500] "  5  1 TZÓi®q;ñ?ÑÒË÷öõ2 ¼ " 400 -
0:0:0:0:0:0:0:1 - - [05/Nov/2014:20:48:39 -0500] "GET /exRateSvc/name/Ashish/20140724/20140729/jpy/*/xml HTTP/1.1" 200 6226
0:0:0:0:0:0:0:1 - - [05/Nov/2014:20:49:55 -0500] "GET /exRateSvc/name/Ashish/20140724/20140729/jpy/*/xml HTTP/1.1" 200 6226
0:0:0:0:0:0:0:1 - - [05/Nov/2014:20:50:04 -0500] "GET /exRateSvc/name/Ashish/20140724/20140729/jpy/*/json HTTP/1.1" 200 4807
0:0:0:0:0:0:0:1 - - [05/Nov/2014:20:50:08 -0500] "GET /exRateSvc/name/Ashish/20140724/20140729/jpy/*/xml HTTP/1.1" 200 6226
0:0:0:0:0:0:0:1 - - [05/Nov/2014:20:51:51 -0500] "GET /exRateSvc/name/Ashish/20140724/20140729/jpy/*/xml HTTP/1.1" 200 6226
0:0:0:0:0:0:0:1 - - [05/Nov/2014:20:51:57 -0500] "GET /exRateSvc/name/Ashish/20140724/20140729/jpy/aud/xml HTTP/1.1" 200 1056
0:0:0:0:0:0:0:1 - - [05/Nov/2014:20:52:11 -0500] "GET /exRateSvc/name/Ashish/20140724/20140729/*/*/xml HTTP/1.1" 200 1387155
0:0:0:0:0:0:0:1 - - [05/Nov/2014:20:53:02 -0500] "GET /exRateSvc/name/Ashish/20140724/20140729/*/*/xml HTTP/1.1" 200 1387155
127.0.0.1 - - [05/Nov/2014:20:55:32 -0500] "GET / HTTP/1.1" 302 -
0:0:0:0:0:0:0:1 - - [05/Nov/2014:20:55:44 -0500] "-" 400 -
0:0:0:0:0:0:0:1 - - [05/Nov/2014:20:55:44 -0500] "-" 400 -
0:0:0:0:0:0:0:1 - - [05/Nov/2014:20:55:44 -0500] "-" 400 -
0:0:0:0:0:0:0:1 - - [05/Nov/2014:20:55:44 -0500] "-" 400 -
0:0:0:0:0:0:0:1 - - [05/Nov/2014:20:55:44 -0500] "-" 400 -
0:0:0:0:0:0:0:1 - - [05/Nov/2014:20:56:14 -0500] "-" 400 -
0:0:0:0:0:0:0:1 - - [05/Nov/2014:20:56:14 -0500] "-" 400 -
0:0:0:0:0:0:0:1 - - [05/Nov/2014:20:56:14 -0500] "-" 400 -
0:0:0:0:0:0:0:1 - - [05/Nov/2014:20:56:43 -0500] "GET /exRateSvc/name/Ashish/20140724/20140729/*/*/xml HTTP/1.1" 200 1387155
0:0:0:0:0:0:0:1 - - [05/Nov/2014:20:56:53 -0500] "GET /exRateSvc/name/Ashish/20140724/20140729/jpy/*/xml HTTP/1.1" 200 6226
127.0.0.1 - - [05/Nov/2014:21:00:01 -0500] "GET / HTTP/1.1" 302 -
0:0:0:0:0:0:0:1 - - [05/Nov/2014:21:00:07 -0500] "GET /exRateSvc/name/Ashish/20140724/20140729/jpy/*/xml HTTP/1.1" 200 6226
0:0:0:0:0:0:0:1 - - [05/Nov/2014:21:00:14 -0500] " Ì  È#?þ4u98×½T:³{?ZÏ A6¼!½?"ßq?  (ÌÌÀ+À/ ?À " 400 -
0:0:0:0:0:0:0:1 - - [05/Nov/2014:21:00:14 -0500] "-" 400 -
0:0:0:0:0:0:0:1 - - [05/Nov/2014:21:00:15 -0500] "-" 400 -
0:0:0:0:0:0:0:1 - - [05/Nov/2014:21:00:15 -0500] "-" 400 -
0:0:0:0:0:0:0:1 - - [05/Nov/2014:21:00:15 -0500] "-" 400 -
0:0:0:0:0:0:0:1 - - [05/Nov/2014:21:00:15 -0500] "-" 400 -
0:0:0:0:0:0:0:1 - - [05/Nov/2014:21:00:15 -0500] "-" 400 -
0:0:0:0:0:0:0:1 - - [05/Nov/2014:21:00:15 -0500] " ¬  ¨°±$ÉÌ´M_f QpÒniÍ0;ßÃªÝP(;1~Î(v  V À " 400 -
0:0:0:0:0:0:0:1 - - [05/Nov/2014:21:00:15 -0500] "-" 400 -
0:0:0:0:0:0:0:1 - - [05/Nov/2014:21:00:15 -0500] "-" 400 -
0:0:0:0:0:0:0:1 - - [05/Nov/2014:21:00:20 -0500] "-" 400 -
0:0:0:0:0:0:0:1 - - [05/Nov/2014:21:00:20 -0500] " ¬  ¨=?f??MºáÅ9ýìõIòClBù AÊe X8òófH_  V À" 400 -
0:0:0:0:0:0:0:1 - - [05/Nov/2014:21:00:20 -0500] " ¬  ¨î+3õ\Vß©¥\?å (iÄ§d ò?©C³²  V À" 400 -
0:0:0:0:0:0:0:1 - - [05/Nov/2014:21:01:13 -0500] "-" 400 -
0:0:0:0:0:0:0:1 - - [05/Nov/2014:21:01:13 -0500] "-" 400 -
0:0:0:0:0:0:0:1 - - [05/Nov/2014:21:01:13 -0500] "-" 400 -
0:0:0:0:0:0:0:1 - - [05/Nov/2014:21:01:13 -0500] "-" 400 -
0:0:0:0:0:0:0:1 - - [05/Nov/2014:21:01:13 -0500] "-" 400 -
0:0:0:0:0:0:0:1 - - [05/Nov/2014:21:01:13 -0500] "-" 400 -
0:0:0:0:0:0:0:1 - - [05/Nov/2014:21:01:13 -0500] "-" 400 -
0:0:0:0:0:0:0:1 - - [05/Nov/2014:21:01:13 -0500] "-" 400 -
0:0:0:0:0:0:0:1 - - [05/Nov/2014:21:01:13 -0500] "-" 400 -
0:0:0:0:0:0:0:1 - - [05/Nov/2014:21:01:13 -0500] "-" 400 -
0:0:0:0:0:0:0:1 - - [05/Nov/2014:21:01:17 -0500] "GET /exRateSvc/name/Ashish/20140724/20140729/jpy/*/xml HTTP/1.1" 200 6226
127.0.0.1 - - [05/Nov/2014:21:02:28 -0500] "GET / HTTP/1.1" 302 -
0:0:0:0:0:0:0:1 - - [05/Nov/2014:21:02:34 -0500] "GET /exRateSvc/name/Ashish/20140724/20140729/jpy/*/xml HTTP/1.1" 200 6226
0:0:0:0:0:0:0:1 - - [05/Nov/2014:21:02:43 -0500] "-" 400 -
0:0:0:0:0:0:0:1 - - [05/Nov/2014:21:02:43 -0500] "-" 400 -
0:0:0:0:0:0:0:1 - - [05/Nov/2014:21:02:44 -0500] "-" 400 -
0:0:0:0:0:0:0:1 - - [05/Nov/2014:21:02:44 -0500] "-" 400 -
0:0:0:0:0:0:0:1 - - [05/Nov/2014:21:02:44 -0500] "-" 400 -
0:0:0:0:0:0:0:1 - - [05/Nov/2014:21:02:44 -0500] "-" 400 -
0:0:0:0:0:0:0:1 - - [05/Nov/2014:21:02:44 -0500] "-" 400 -
0:0:0:0:0:0:0:1 - - [05/Nov/2014:21:02:44 -0500] "-" 400 -
0:0:0:0:0:0:0:1 - - [05/Nov/2014:21:02:44 -0500] "-" 400 -
0:0:0:0:0:0:0:1 - - [05/Nov/2014:21:02:44 -0500] "-" 400 -
0:0:0:0:0:0:0:1 - - [05/Nov/2014:21:02:49 -0500] "-" 400 -
0:0:0:0:0:0:0:1 - - [05/Nov/2014:21:02:49 -0500] " ¬  ¨ßU3Ó?¸åÅ¤Ð}wÄ?14¯?<9 Ò?¿Ñ?à2  V À " 400 -
0:0:0:0:0:0:0:1 - - [05/Nov/2014:21:02:49 -0500] "-" 400 -
0:0:0:0:0:0:0:1 - - [05/Nov/2014:21:02:49 -0500] "-" 400 -
0:0:0:0:0:0:0:1 - - [05/Nov/2014:21:02:51 -0500] "-" 400 -
0:0:0:0:0:0:0:1 - - [05/Nov/2014:21:02:51 -0500] "-" 400 -
0:0:0:0:0:0:0:1 - - [05/Nov/2014:21:02:51 -0500] "-" 400 -
0:0:0:0:0:0:0:1 - - [05/Nov/2014:21:02:51 -0500] "-" 400 -
0:0:0:0:0:0:0:1 - - [05/Nov/2014:21:02:51 -0500] "-" 400 -
0:0:0:0:0:0:0:1 - - [05/Nov/2014:21:03:21 -0500] "-" 400 -
0:0:0:0:0:0:0:1 - - [05/Nov/2014:21:03:21 -0500] " ¬  ¨?²?^IØçë1J??JYEh d×b3K"?s¬Í  V À " 400 -
0:0:0:0:0:0:0:1 - - [05/Nov/2014:21:03:21 -0500] "-" 400 -
0:0:0:0:0:0:0:1 - - [05/Nov/2014:21:03:21 -0500] "-" 400 -
127.0.0.1 - - [05/Nov/2014:21:04:14 -0500] "GET / HTTP/1.1" 302 -
0:0:0:0:0:0:0:1 - - [05/Nov/2014:21:04:18 -0500] " Ì  È§Ë¼ÐÆ\ÎE6g® rdÚ?ß_®¬?vGÂ  (ÌÌÀ+À/ ?À " 400 -
0:0:0:0:0:0:0:1 - - [05/Nov/2014:21:04:18 -0500] "-" 400 -
0:0:0:0:0:0:0:1 - - [05/Nov/2014:21:04:18 -0500] "-" 400 -
0:0:0:0:0:0:0:1 - - [05/Nov/2014:21:04:18 -0500] "-" 400 -
0:0:0:0:0:0:0:1 - - [05/Nov/2014:21:04:18 -0500] "-" 400 -
0:0:0:0:0:0:0:1 - - [05/Nov/2014:21:04:21 -0500] "-" 400 -
0:0:0:0:0:0:0:1 - - [05/Nov/2014:21:04:21 -0500] "-" 400 -
0:0:0:0:0:0:0:1 - - [05/Nov/2014:21:04:21 -0500] " ¬  ¨OæêE??Ìò???áÏQK?NWäQ \ü6$?ü?  V À " 400 -
0:0:0:0:0:0:0:1 - - [05/Nov/2014:21:04:21 -0500] " ¬  ¨?v?F^?¢Å|_i ÉüÑ?hû¦?âXÖF?õ¿!   V À " 400 -
0:0:0:0:0:0:0:1 - - [05/Nov/2014:21:04:21 -0500] "-" 400 -
0:0:0:0:0:0:0:1 - - [05/Nov/2014:21:04:25 -0500] "GET /exRateSvc/name/Ashish/20140724/20140729/jpy/*/xml HTTP/1.1" 302 -
0:0:0:0:0:0:0:1 - - [05/Nov/2014:21:04:25 -0500] "-" 400 -
0:0:0:0:0:0:0:1 - - [05/Nov/2014:21:04:25 -0500] "-" 400 -
0:0:0:0:0:0:0:1 - - [05/Nov/2014:21:04:25 -0500] "-" 400 -
0:0:0:0:0:0:0:1 - - [05/Nov/2014:21:04:25 -0500] "-" 400 -
0:0:0:0:0:0:0:1 - - [05/Nov/2014:21:04:25 -0500] "-" 400 -
0:0:0:0:0:0:0:1 - - [05/Nov/2014:21:04:25 -0500] " Ì  È à5«?\ïA??w??³8±WÁË+N?¹ " 400 -
0:0:0:0:0:0:0:1 - - [05/Nov/2014:21:04:25 -0500] "-" 400 -
0:0:0:0:0:0:0:1 - - [05/Nov/2014:21:04:25 -0500] " ¬  ¨6tÖ 4Ö?µs®?)M?-öRàY1Êd?&-l?=?ÎÀ  V À " 400 -
0:0:0:0:0:0:0:1 - - [05/Nov/2014:21:05:01 -0500] "GET /exRateSvc/name/Ashish/20140724/20140729/jpy/*/xml HTTP/1.1" 200 6226
127.0.0.1 - - [05/Nov/2014:21:06:01 -0500] "GET / HTTP/1.1" 302 -
0:0:0:0:0:0:0:1 - - [05/Nov/2014:21:06:11 -0500] "GET /exRateSvc/name/Ashish/20140724/20140729/jpy/*/xml HTTP/1.1" 302 -
0:0:0:0:0:0:0:1 - - [05/Nov/2014:21:06:11 -0500] " Ì  Èqõ<øRàkuc0É²; ?È?ß?§Þa{ö¦EÝ¨Ó´Ç  (ÌÌÀ+À/ ?À " 400 -
0:0:0:0:0:0:0:1 - - [05/Nov/2014:21:06:11 -0500] " ¬  ¨oGôh ??ù2Ç!j?³Ê ô\9´?0?ÉýÏH?  V À" 400 -
0:0:0:0:0:0:0:1 - - [05/Nov/2014:21:06:11 -0500] "-" 400 -
0:0:0:0:0:0:0:1 - - [05/Nov/2014:21:06:11 -0500] "-" 400 -
0:0:0:0:0:0:0:1 - - [05/Nov/2014:21:06:41 -0500] " Ì  ÈÓ/;Ó? ?¦F¨EO?Sqÿt¸Z2É2O?.K0÷?  (ÌÌÀ+À/ ?À " 400 -
0:0:0:0:0:0:0:1 - - [05/Nov/2014:21:06:41 -0500] "-" 400 -
0:0:0:0:0:0:0:1 - - [05/Nov/2014:21:06:41 -0500] " ¬  ¨0 å³!Zä?3¦N?Ëq¶H?þ:Lx?s"!yµÅ+  V À " 400 -
0:0:0:0:0:0:0:1 - - [05/Nov/2014:21:06:41 -0500] "-" 400 -
127.0.0.1 - - [05/Nov/2014:21:06:57 -0500] "GET / HTTP/1.1" 302 -
0:0:0:0:0:0:0:1 - - [05/Nov/2014:21:07:03 -0500] "GET /exRateSvc/name/Ashish/20140724/20140729/jpy/*/xml HTTP/1.1" 200 6226
0:0:0:0:0:0:0:1 - - [05/Nov/2014:21:09:39 -0500] "GET /exRateSvc/name/Ashish/20140724/20140729/jpy/*/xml HTTP/1.1" 200 6226
0:0:0:0:0:0:0:1 - - [05/Nov/2014:21:09:42 -0500] "GET /exRateSvc/name/Ashish/20140724/20140729/jpy/*/xml HTTP/1.1" 200 6226
0:0:0:0:0:0:0:1 - - [05/Nov/2014:21:09:52 -0500] "GET /exRateSvc/name/Ashish/20140724/20140729/usd/*/xml HTTP/1.1" 200 6124
